yarn run v1.22.22
$ react-scripts start
Attempting to bind to HOST environment variable: 0.0.0.0
If this was unintentional, check that you haven't mistakenly set it in your shell.
Learn more here: https://cra.link/advanced-config

Browserslist: caniuse-lite is outdated. Please run:
  npx update-browserslist-db@latest
  Why you should do it regularly: https://github.com/browserslist/update-db#readme
(node:5234) [DEP_WEBPACK_DEV_SERVER_ON_AFTER_SETUP_MIDDLEWARE] DeprecationWarning: 'onAfterSetupMiddleware' option is deprecated. Please use the 'setupMiddlewares' option.
(Use `node --trace-deprecation ...` to show where the warning was created)
(node:5234) [DEP_WEBPACK_DEV_SERVER_ON_BEFORE_SETUP_MIDDLEWARE] DeprecationWarning: 'onBeforeSetupMiddleware' option is deprecated. Please use the 'setupMiddlewares' option.
Starting the development server...

Failed to compile.

Module not found: Error: Can't resolve 'date-fns' in '/workspace/src/pages'
WARNING in src/components/Header.jsx
  Line 12:10:  'cookies' is assigned a value but never used    no-unused-vars
  Line 12:19:  'setCookie' is assigned a value but never used  no-unused-vars

src/pages/EditTask.jsx
  Line 48:14:  'res' is defined but never used  no-unused-vars

src/pages/Home.jsx
  Line 8:10:  'formatDistanceToNowStrict' is defined but never used  no-unused-vars
  Line 9:10:  'ja' is defined but never used                         no-unused-vars

src/pages/SignIn.jsx
  Line 18:10:  'cookies' is assigned a value but never used       no-unused-vars
  Line 18:30:  'removeCookie' is assigned a value but never used  no-unused-vars

src/pages/SignUp.jsx
  Line 19:10:  'cookies' is assigned a value but never used       no-unused-vars
  Line 19:30:  'removeCookie' is assigned a value but never used  no-unused-vars

ERROR in ./src/pages/Home.jsx 12:0-53
Module not found: Error: Can't resolve 'date-fns' in '/workspace/src/pages'

ERROR in ./src/pages/Home.jsx 13:0-37
Module not found: Error: Can't resolve 'date-fns/locale' in '/workspace/src/pages'

webpack compiled with 2 errors and 1 warning
Compiling...
Failed to compile.

Module not found: Error: Can't resolve 'date-fns' in '/workspace/src/pages'
WARNING in src/components/Header.jsx
  Line 12:10:  'cookies' is assigned a value but never used    no-unused-vars
  Line 12:19:  'setCookie' is assigned a value but never used  no-unused-vars

src/pages/EditTask.jsx
  Line 48:14:  'res' is defined but never used  no-unused-vars

src/pages/Home.jsx
  Line 8:10:  'formatDistanceToNowStrict' is defined but never used  no-unused-vars
  Line 9:10:  'ja' is defined but never used                         no-unused-vars

src/pages/SignIn.jsx
  Line 18:10:  'cookies' is assigned a value but never used       no-unused-vars
  Line 18:30:  'removeCookie' is assigned a value but never used  no-unused-vars

src/pages/SignUp.jsx
  Line 19:10:  'cookies' is assigned a value but never used       no-unused-vars
  Line 19:30:  'removeCookie' is assigned a value but never used  no-unused-vars

ERROR in ./src/pages/Home.jsx 12:0-53
Module not found: Error: Can't resolve 'date-fns' in '/workspace/src/pages'

ERROR in ./src/pages/Home.jsx 13:0-37
Module not found: Error: Can't resolve 'date-fns/locale' in '/workspace/src/pages'

webpack compiled with 2 errors and 1 warning
Compiling...
Failed to compile.

Module not found: Error: Can't resolve 'date-fns' in '/workspace/src/pages'
LOG from webpack.FileSystemInfo
<w> Managed item /workspace/node_modules/date-fns isn't a directory or doesn't contain a package.json (see snapshot.managedPaths option)
+ 13 hidden lines

WARNING in src/components/Header.jsx
  Line 12:10:  'cookies' is assigned a value but never used    no-unused-vars
  Line 12:19:  'setCookie' is assigned a value but never used  no-unused-vars

src/pages/EditTask.jsx
  Line 48:14:  'res' is defined but never used  no-unused-vars

src/pages/Home.jsx
  Line 8:10:  'formatDistanceToNowStrict' is defined but never used  no-unused-vars
  Line 9:10:  'ja' is defined but never used                         no-unused-vars

src/pages/SignIn.jsx
  Line 18:10:  'cookies' is assigned a value but never used       no-unused-vars
  Line 18:30:  'removeCookie' is assigned a value but never used  no-unused-vars

src/pages/SignUp.jsx
  Line 19:10:  'cookies' is assigned a value but never used       no-unused-vars
  Line 19:30:  'removeCookie' is assigned a value but never used  no-unused-vars

ERROR in ./src/pages/Home.jsx 12:0-53
Module not found: Error: Can't resolve 'date-fns' in '/workspace/src/pages'

ERROR in ./src/pages/Home.jsx 13:0-37
Module not found: Error: Can't resolve 'date-fns/locale' in '/workspace/src/pages'

webpack compiled with 2 errors and 1 warning
Compiling...
Failed to compile.

Module not found: Error: Can't resolve 'date-fns/locale' in '/workspace/src/pages'
WARNING in src/components/Header.jsx
  Line 12:10:  'cookies' is assigned a value but never used    no-unused-vars
  Line 12:19:  'setCookie' is assigned a value but never used  no-unused-vars

src/pages/EditTask.jsx
  Line 48:14:  'res' is defined but never used  no-unused-vars

src/pages/Home.jsx
  Line 8:10:  'formatDistanceToNowStrict' is defined but never used  no-unused-vars
  Line 9:10:  'ja' is defined but never used                         no-unused-vars

src/pages/SignIn.jsx
  Line 18:10:  'cookies' is assigned a value but never used       no-unused-vars
  Line 18:30:  'removeCookie' is assigned a value but never used  no-unused-vars

src/pages/SignUp.jsx
  Line 19:10:  'cookies' is assigned a value but never used       no-unused-vars
  Line 19:30:  'removeCookie' is assigned a value but never used  no-unused-vars

ERROR in ./src/pages/Home.jsx 13:0-37
Module not found: Error: Can't resolve 'date-fns/locale' in '/workspace/src/pages'

webpack compiled with 1 error and 1 warning
Compiling...
Compiled with warnings.

src/components/Header.jsx
  Line 12:10:  'cookies' is assigned a value but never used    no-unused-vars
  Line 12:19:  'setCookie' is assigned a value but never used  no-unused-vars

src/pages/EditTask.jsx
  Line 48:14:  'res' is defined but never used  no-unused-vars

src/pages/Home.jsx
  Line 8:10:  'formatDistanceToNowStrict' is defined but never used  no-unused-vars
  Line 9:10:  'ja' is defined but never used                         no-unused-vars

src/pages/SignIn.jsx
  Line 18:10:  'cookies' is assigned a value but never used       no-unused-vars
  Line 18:30:  'removeCookie' is assigned a value but never used  no-unused-vars

src/pages/SignUp.jsx
  Line 19:10:  'cookies' is assigned a value but never used       no-unused-vars
  Line 19:30:  'removeCookie' is assigned a value but never used  no-unused-vars

Search for the keywords to learn more about each warning.
To ignore, add // eslint-disable-next-line to the line before.

WARNING in src/components/Header.jsx
  Line 12:10:  'cookies' is assigned a value but never used    no-unused-vars
  Line 12:19:  'setCookie' is assigned a value but never used  no-unused-vars

src/pages/EditTask.jsx
  Line 48:14:  'res' is defined but never used  no-unused-vars

src/pages/Home.jsx
  Line 8:10:  'formatDistanceToNowStrict' is defined but never used  no-unused-vars
  Line 9:10:  'ja' is defined but never used                         no-unused-vars

src/pages/SignIn.jsx
  Line 18:10:  'cookies' is assigned a value but never used       no-unused-vars
  Line 18:30:  'removeCookie' is assigned a value but never used  no-unused-vars

src/pages/SignUp.jsx
  Line 19:10:  'cookies' is assigned a value but never used       no-unused-vars
  Line 19:30:  'removeCookie' is assigned a value but never used  no-unused-vars

webpack compiled with 1 warning
